// Jest Snapshot v1, https://goo.gl/fbAQLP

exports[`<ProductList /> tests matches the snapshot 1`] = `
.c0 {
  display: -webkit-box;
  display: -webkit-flex;
  display: -ms-flexbox;
  display: flex;
  -webkit-flex-wrap: wrap;
  -ms-flex-wrap: wrap;
  flex-wrap: wrap;
  padding: 0 1.5rem;
}

<section
  class="c0"
  data-testid="testProductList"
/>
`;
